// Jest Snapshot v1, https://goo.gl/fbAQLP

exports[`Badge should render with maximum props 1`] = `
<button
  className="container uui-button-box uui-enabled -clickable uui-badge root size-36 fill-semitransparent uui-color-amber"
  onClick={[Function]}
  tabIndex={0}
  type="button"
>
  <div
    className="container uui-icon uui-enabled -clickable"
    onClick={[Function]}
    style={Object {}}
  >
    <svg
      className=""
    />
  </div>
  <div
    className="uui-count"
  >
    12
  </div>
  <div
    className="uui-caption"
  >
    Test badge
  </div>
  <div
    className="container uui-icon uui-enabled -clickable -clickable"
    onClick={[Function]}
    style={Object {}}
  >
    <svg
      className=""
    />
  </div>
</button>
`;

exports[`Badge should render with minimum props 1`] = `
<button
  className="container uui-button-box uui-enabled uui-badge root size-36 fill-solid uui-color-blue"
  onClick={[Function]}
  tabIndex={-1}
  type="button"
/>
`;
