// Jest Snapshot v1, https://goo.gl/fbAQLP

exports[`LabeledInput should be rendered correctly with maximum props 1`] = `
<div
  className="container uui-labeled-input root uui-size-30"
>
  <div
    className="uui-label-left"
  >
    <div
      className="labelWrapper"
    >
      <label
        className="uui-label"
      >
        Test label
        <span
          className="uui-labeled-input-asterisk"
        >
          *
        </span>
        <div
          className="container uui-icon uui-enabled uui-labeled-input-info-icon"
          style={Object {}}
        >
          <svg
            className=""
          />
        </div>
      </label>
      <div
        className="flexSpacer"
      />
      <div
        className="uui-labeled-input-sidenote"
        dir="auto"
      >
        Sidenote text
      </div>
    </div>
    <div
      className="rightChildrenPosition"
    >
      <div
        className="container uui-input-box -clickable root uui-size-36 uui-control-mode-form"
        onFocus={[Function]}
        tabIndex={-1}
      >
        <input
          className="uui-input"
          onBlur={[Function]}
          onChange={[Function]}
          onFocus={[Function]}
          onKeyDown={[Function]}
          tabIndex={0}
          type="text"
          value=""
        />
      </div>
    </div>
  </div>
  <div
    className="invalidSectionWrapper"
  >
    <div
      className="uui-invalid-message"
      dir="auto"
      role="alert"
    >
      Test validation message
    </div>
    <div
      className="uui-labeled-input-char-counter"
      dir="auto"
    >
      0/10
    </div>
  </div>
  <div
    className="footnoteSectionWrapper"
  >
    <div
      className="uui-labeled-input-footnote"
      dir="auto"
    >
      Footnote text
    </div>
  </div>
</div>
`;

exports[`LabeledInput should be rendered correctly with minimum props 1`] = `
<div
  className="container uui-labeled-input root uui-size-36"
>
  <div
    className="uui-label-top"
  >
    <div>
      <div
        className="container uui-input-box -clickable root uui-size-36 uui-control-mode-form"
        onFocus={[Function]}
        tabIndex={-1}
      >
        <input
          className="uui-input"
          onBlur={[Function]}
          onChange={[Function]}
          onFocus={[Function]}
          onKeyDown={[Function]}
          tabIndex={0}
          type="text"
          value=""
        />
      </div>
    </div>
  </div>
</div>
`;
