// Jest Snapshot v1, https://goo.gl/fbAQLP

exports[`ColumnHeaderDropdown should be rendered correctly 1`] = `
Array [
  <button
    aria-expanded={true}
    aria-haspopup={true}
    className="uui-button-box uui-enabled -clickable container root uui-button uui-fill-solid uui-color-primary uui-size-36"
    onClick={[Function]}
    tabIndex={0}
    type="button"
  >
    <div
      className="uui-caption"
    >
      Test
    </div>
    <div
      className="container uui-icon uui-enabled"
      style={Object {}}
    >
      <svg
        className="flipY"
      />
    </div>
  </button>,
  <div
    aria-hidden={false}
    className="uui-popper"
    data-placement="bottom-start"
    role="dialog"
    style={
      Object {
        "zIndex": undefined,
      }
    }
  >
    <div
      className="uui-dropdown-body -lock-focus root container container"
      style={
        Object {
          "maxHeight": undefined,
          "maxWidth": "auto",
          "minHeight": undefined,
          "minWidth": 280,
        }
      }
      tabIndex={-1}
    >
      <div
        className="flexCell sortingPanelContainer"
        style={
          Object {
            "alignSelf": undefined,
            "flexBasis": "0",
            "flexGrow": undefined,
            "flexShrink": undefined,
            "minWidth": 0,
            "textAlign": undefined,
          }
        }
      >
        <div
          className="uui-flex-row root itemRoot uui-active container -clickable align-items-center"
          onClick={[Function]}
          onKeyDown={[Function]}
          role="menuitem"
          style={
            Object {
              "columnGap": undefined,
              "rowGap": undefined,
            }
          }
          tabIndex={0}
        >
          <button
            className="uui-button-box uui-enabled container uui-icon_button uui-color-info root root icon iconBefore"
            tabIndex={-1}
            type="button"
          >
            <div
              className="container uui-icon uui-enabled"
              style={Object {}}
            >
              <svg
                className=""
                height={18}
                width={18}
              />
            </div>
          </button>
          <div
            className="container"
          >
            Sort Ascending
          </div>
        </div>
        <div
          className="uui-flex-row root itemRoot container -clickable align-items-center"
          onClick={[Function]}
          onKeyDown={[Function]}
          role="menuitem"
          style={
            Object {
              "columnGap": undefined,
              "rowGap": undefined,
            }
          }
          tabIndex={0}
        >
          <button
            className="uui-button-box uui-enabled container uui-icon_button uui-color-neutral root root icon iconBefore"
            tabIndex={-1}
            type="button"
          >
            <div
              className="container uui-icon uui-enabled"
              style={Object {}}
            >
              <svg
                className=""
                height={18}
                width={18}
              />
            </div>
          </button>
          <div
            className="container"
          >
            Sort Descending
          </div>
        </div>
      </div>
      <div>
        Picker
      </div>
    </div>
  </div>,
]
`;
