// Jest Snapshot v1, https://goo.gl/fbAQLP

exports[`DataTableHeaderCell should be rendered correctly 1`] = `
<div
  aria-sort="none"
  className="uui-dt-vars root uui-table-header-cell root uui-size-36 uui-dt-header-first-column pinned-left"
  onClick={[Function]}
  role="columnheader"
  style={
    Object {
      "--uui-dt-header-cell-icon-size": "18px",
      "--uui-dt-header-cell-padding-end": "12px",
      "--uui-dt-header-cell-padding-start": "24px",
      "--uui-dt-header-cell-resizing-marker-width": "12px",
      "alignSelf": undefined,
      "flexBasis": "150px",
      "flexGrow": undefined,
      "flexShrink": undefined,
      "minWidth": "150px",
      "textAlign": undefined,
    }
  }
>
  <div
    className="captionWrapper align-undefined uui-table-header-caption-wrapper"
  >
    <div
      className="root uui-text uui-size-30 lineHeight fontSize uui-color-primary uui-font-weight-400 uui-font-style-normal uui-typography caption uui-table-header-caption container"
      style={
        Object {
          "--uui-text-font-size": "14px",
          "--uui-text-line-height": "30px",
        }
      }
    >
      Test
    </div>
  </div>
</div>
`;
