// Jest Snapshot v1, https://goo.gl/fbAQLP

exports[`PresetInput should render correctly 1`] = `
<div
  className="flexCell presetInputCell uui-presets-panel-input"
  style={
    Object {
      "alignSelf": undefined,
      "flexBasis": "0",
      "flexGrow": undefined,
      "flexShrink": undefined,
      "minWidth": "180px",
      "textAlign": undefined,
    }
  }
>
  <div
    className="container uui-input-box -clickable root uui-size-36 uui-control-mode-form presetInput"
    onFocus={[Function]}
    tabIndex={-1}
  >
    <input
      autoFocus={true}
      className="uui-input"
      maxLength={50}
      onBlur={[Function]}
      onChange={[Function]}
      onFocus={[Function]}
      onKeyDown={[Function]}
      readOnly={false}
      tabIndex={0}
      type="text"
      value=""
    />
  </div>
</div>
`;
