// Jest Snapshot v1, https://goo.gl/fbAQLP

exports[`MainMenuButton should be rendered correctly 1`] = `
<a
  aria-current="page"
  aria-expanded={false}
  aria-haspopup={true}
  className="uui-button-box uui-enabled uui-active -clickable uui-anchor root type-primary"
  href=""
  onClick={[Function]}
  rel="noopener noreferrer"
  role="menuitem"
  tabIndex={0}
  target="_blank"
>
  <div
    className="uui-caption"
  >
    Test button
  </div>
  <div
    className="container uui-icon uui-enabled"
    style={Object {}}
  >
    <svg
      className=""
    />
  </div>
</a>
`;

exports[`MainMenuButton should be rendered correctly with minimum props 1`] = `
<span
  className="uui-button-box uui-enabled root type-primary"
  role="menuitem"
  tabIndex={-1}
/>
`;
