// Jest Snapshot v1, https://goo.gl/fbAQLP

exports[`TabButton should render with maximum props 1`] = `
<button
  aria-disabled={false}
  className="container uui-button-box uui-enabled -clickable root uui-tab-button size-48 uui-has-left-icon uui-no-right-icon"
  onClick={[Function]}
  role="tab"
  tabIndex={0}
  type="button"
>
  <div
    className="container uui-icon uui-enabled"
    style={Object {}}
  >
    <svg
      className=""
    />
  </div>
</button>
`;

exports[`TabButton should render with minimum props 1`] = `
<button
  className="container uui-button-box uui-enabled root uui-tab-button size-48 uui-no-left-icon uui-no-right-icon"
  onClick={[Function]}
  role="tab"
  tabIndex={-1}
  type="button"
/>
`;
