// Jest Snapshot v1, https://goo.gl/fbAQLP

exports[`ControlWrapper should rendered correctly 1`] = `
<div
  className="root size-36"
>
  <button
    className="container uui-button-box uui-enabled root uui-button uui-fill-solid uui-color-primary size-36 size-36 style-square"
    onClick={[Function]}
    tabIndex={-1}
    type="button"
  >
    <div
      className="uui-caption"
    >
      On
    </div>
  </button>
  <button
    className="container uui-button-box uui-enabled root uui-button uui-fill-solid uui-color-sun size-36 size-36 style-square"
    onClick={[Function]}
    tabIndex={-1}
    type="button"
  >
    <div
      className="uui-caption"
    >
      Off
    </div>
  </button>
</div>
`;
