// Jest Snapshot v1, https://goo.gl/fbAQLP

exports[`TabButton should be rendered correctly 1`] = `
<span
  className="uui-button-box uui-enabled root uui-tab-button uui-size-48 uui-no-left-icon uui-no-right-icon"
  role="tab"
  tabIndex={-1}
/>
`;

exports[`TabButton should be rendered correctly with props 1`] = `
<button
  aria-disabled={false}
  className="uui-button-box uui-enabled -clickable root uui-tab-button uui-size-48 withNotify uui-has-left-icon uui-no-right-icon"
  onClick={[Function]}
  role="tab"
  tabIndex={0}
  type="button"
>
  <div
    className="container uui-icon uui-enabled"
    style={Object {}}
  >
    <svg
      className=""
    />
  </div>
</button>
`;
