// Jest Snapshot v1, https://goo.gl/fbAQLP

exports[`SomeComponent should render with minimum props 1`] = `
<div
  className="container uui-input-box -clickable root size-36 mode-form"
  onBlur={[Function]}
  onFocus={[Function]}
  tabIndex={-1}
>
  <input
    className="uui-input"
    onChange={[Function]}
    onKeyDown={[Function]}
    tabIndex={0}
    type="text"
    value=""
  />
</div>
`;
